// Jest Snapshot v1, https://goo.gl/fbAQLP

exports[`<=== Detail ===> should create store 1`] = `
Object {
  "isOpen": false,
  "manga": null,
}
`;
