// Jest Snapshot v1, https://goo.gl/fbAQLP

exports[`<=== List ===> should create store 1`] = `
Object {
  "mangas": Array [],
}
`;
